---
source: solfaml-parser/src/parser.rs
expression: measure
---
Ok(
    [
        Measure {
            kind: Normal,
            root: Division(
                MeasureDivision {
                    lhs: EmptyNote,
                    rhs: EmptyNote,
                    kind: Normal,
                },
            ),
        },
        Measure {
            kind: Normal,
            root: Division(
                MeasureDivision {
                    lhs: Note(
                        Note {
                            base: D,
                            variant: Base,
                            octave: Base,
                        },
                    ),
                    rhs: Division(
                        MeasureDivision {
                            lhs: Note(
                                Note {
                                    base: R,
                                    variant: Base,
                                    octave: Base,
                                },
                            ),
                            rhs: Division(
                                MeasureDivision {
                                    lhs: Note(
                                        Note {
                                            base: M,
                                            variant: Base,
                                            octave: Base,
                                        },
                                    ),
                                    rhs: Note(
                                        Note {
                                            base: F,
                                            variant: Base,
                                            octave: Base,
                                        },
                                    ),
                                    kind: Quarter,
                                },
                            ),
                            kind: Half,
                        },
                    ),
                    kind: Normal,
                },
            ),
        },
        Measure {
            kind: Normal,
            root: Division(
                MeasureDivision {
                    lhs: Note(
                        Note {
                            base: S,
                            variant: Base,
                            octave: Base,
                        },
                    ),
                    rhs: Division(
                        MeasureDivision {
                            lhs: UnderlineStart(
                                Note {
                                    base: L,
                                    variant: Base,
                                    octave: Base,
                                },
                            ),
                            rhs: Division(
                                MeasureDivision {
                                    lhs: UnderlineEnd(
                                        Note {
                                            base: T,
                                            variant: Base,
                                            octave: Base,
                                        },
                                    ),
                                    rhs: ProlongedNote,
                                    kind: Quarter,
                                },
                            ),
                            kind: Half,
                        },
                    ),
                    kind: Normal,
                },
            ),
        },
    ],
)
