---
source: solfaml-parser/src/parser.rs
expression: result
---
Ok(
    Solfa {
        header: Header {
            title: None,
            author: None,
            time: None,
            key: None,
            description: None,
            tempo: None,
            vocals: None,
            extra: {},
        },
        staffs: [
            Staff {
                dynamics: [],
                lines: [
                    StaffLine {
                        measures: [
                            Measure {
                                kind: Normal,
                                chunks: [
                                    Pulse(
                                        Note(
                                            Note {
                                                base: D,
                                                variant: Base,
                                                octave: Base,
                                            },
                                        ),
                                    ),
                                    Separation(
                                        Normal,
                                    ),
                                    Pulse(
                                        Note(
                                            Note {
                                                base: R,
                                                variant: Base,
                                                octave: Base,
                                            },
                                        ),
                                    ),
                                ],
                            },
                            Measure {
                                kind: RepeatStart,
                                chunks: [
                                    Pulse(
                                        Note(
                                            Note {
                                                base: M,
                                                variant: Base,
                                                octave: Base,
                                            },
                                        ),
                                    ),
                                    Separation(
                                        Normal,
                                    ),
                                    Pulse(
                                        Note(
                                            Note {
                                                base: F,
                                                variant: Base,
                                                octave: Base,
                                            },
                                        ),
                                    ),
                                ],
                            },
                            Measure {
                                kind: Normal,
                                chunks: [
                                    Pulse(
                                        Note(
                                            Note {
                                                base: S,
                                                variant: Base,
                                                octave: Base,
                                            },
                                        ),
                                    ),
                                    Separation(
                                        Normal,
                                    ),
                                    Pulse(
                                        Note(
                                            Note {
                                                base: L,
                                                variant: Base,
                                                octave: Base,
                                            },
                                        ),
                                    ),
                                    Separation(
                                        Normal,
                                    ),
                                ],
                            },
                            Measure {
                                kind: Normal,
                                chunks: [
                                    Pulse(
                                        Note(
                                            Note {
                                                base: T,
                                                variant: Base,
                                                octave: Base,
                                            },
                                        ),
                                    ),
                                    Separation(
                                        Normal,
                                    ),
                                    Pulse(
                                        Note(
                                            Note {
                                                base: D,
                                                variant: Base,
                                                octave: Up(
                                                    1,
                                                ),
                                            },
                                        ),
                                    ),
                                ],
                            },
                        ],
                    },
                    StaffLine {
                        measures: [
                            Measure {
                                kind: Normal,
                                chunks: [
                                    Pulse(
                                        Note(
                                            Note {
                                                base: D,
                                                variant: Base,
                                                octave: Base,
                                            },
                                        ),
                                    ),
                                    Separation(
                                        Normal,
                                    ),
                                    Pulse(
                                        Note(
                                            Note {
                                                base: R,
                                                variant: Base,
                                                octave: Base,
                                            },
                                        ),
                                    ),
                                ],
                            },
                            Measure {
                                kind: RepeatStart,
                                chunks: [
                                    Pulse(
                                        Note(
                                            Note {
                                                base: M,
                                                variant: Base,
                                                octave: Base,
                                            },
                                        ),
                                    ),
                                    Separation(
                                        Normal,
                                    ),
                                    Pulse(
                                        Note(
                                            Note {
                                                base: F,
                                                variant: Base,
                                                octave: Base,
                                            },
                                        ),
                                    ),
                                ],
                            },
                            Measure {
                                kind: Normal,
                                chunks: [
                                    Pulse(
                                        Note(
                                            Note {
                                                base: S,
                                                variant: Base,
                                                octave: Base,
                                            },
                                        ),
                                    ),
                                    Separation(
                                        Normal,
                                    ),
                                    Pulse(
                                        Note(
                                            Note {
                                                base: L,
                                                variant: Base,
                                                octave: Base,
                                            },
                                        ),
                                    ),
                                    Separation(
                                        Normal,
                                    ),
                                ],
                            },
                            Measure {
                                kind: Normal,
                                chunks: [
                                    Pulse(
                                        Note(
                                            Note {
                                                base: T,
                                                variant: Base,
                                                octave: Base,
                                            },
                                        ),
                                    ),
                                    Separation(
                                        Normal,
                                    ),
                                    Pulse(
                                        Note(
                                            Note {
                                                base: D,
                                                variant: Base,
                                                octave: Up(
                                                    1,
                                                ),
                                            },
                                        ),
                                    ),
                                ],
                            },
                        ],
                    },
                    StaffLine {
                        measures: [
                            Measure {
                                kind: Normal,
                                chunks: [
                                    Pulse(
                                        Note(
                                            Note {
                                                base: D,
                                                variant: Base,
                                                octave: Base,
                                            },
                                        ),
                                    ),
                                    Separation(
                                        Normal,
                                    ),
                                    Pulse(
                                        Note(
                                            Note {
                                                base: R,
                                                variant: Base,
                                                octave: Base,
                                            },
                                        ),
                                    ),
                                ],
                            },
                            Measure {
                                kind: RepeatStart,
                                chunks: [
                                    Pulse(
                                        Note(
                                            Note {
                                                base: M,
                                                variant: Base,
                                                octave: Base,
                                            },
                                        ),
                                    ),
                                    Separation(
                                        Normal,
                                    ),
                                    Pulse(
                                        Note(
                                            Note {
                                                base: F,
                                                variant: Base,
                                                octave: Base,
                                            },
                                        ),
                                    ),
                                ],
                            },
                            Measure {
                                kind: Normal,
                                chunks: [
                                    Pulse(
                                        Note(
                                            Note {
                                                base: S,
                                                variant: Base,
                                                octave: Base,
                                            },
                                        ),
                                    ),
                                    Separation(
                                        Normal,
                                    ),
                                    Pulse(
                                        Note(
                                            Note {
                                                base: L,
                                                variant: Base,
                                                octave: Base,
                                            },
                                        ),
                                    ),
                                    Separation(
                                        Normal,
                                    ),
                                ],
                            },
                            Measure {
                                kind: Normal,
                                chunks: [
                                    Pulse(
                                        Note(
                                            Note {
                                                base: T,
                                                variant: Base,
                                                octave: Base,
                                            },
                                        ),
                                    ),
                                    Separation(
                                        Normal,
                                    ),
                                    Pulse(
                                        Note(
                                            Note {
                                                base: D,
                                                variant: Base,
                                                octave: Up(
                                                    1,
                                                ),
                                            },
                                        ),
                                    ),
                                ],
                            },
                        ],
                    },
                    StaffLine {
                        measures: [
                            Measure {
                                kind: Normal,
                                chunks: [
                                    Pulse(
                                        Note(
                                            Note {
                                                base: D,
                                                variant: Base,
                                                octave: Base,
                                            },
                                        ),
                                    ),
                                    Separation(
                                        Normal,
                                    ),
                                    Pulse(
                                        Note(
                                            Note {
                                                base: R,
                                                variant: Base,
                                                octave: Base,
                                            },
                                        ),
                                    ),
                                ],
                            },
                            Measure {
                                kind: RepeatStart,
                                chunks: [
                                    Pulse(
                                        Note(
                                            Note {
                                                base: M,
                                                variant: Base,
                                                octave: Base,
                                            },
                                        ),
                                    ),
                                    Separation(
                                        Normal,
                                    ),
                                    Pulse(
                                        Note(
                                            Note {
                                                base: F,
                                                variant: Base,
                                                octave: Base,
                                            },
                                        ),
                                    ),
                                ],
                            },
                            Measure {
                                kind: Normal,
                                chunks: [
                                    Pulse(
                                        Note(
                                            Note {
                                                base: S,
                                                variant: Base,
                                                octave: Base,
                                            },
                                        ),
                                    ),
                                    Separation(
                                        Normal,
                                    ),
                                    Pulse(
                                        Note(
                                            Note {
                                                base: L,
                                                variant: Base,
                                                octave: Base,
                                            },
                                        ),
                                    ),
                                    Separation(
                                        Normal,
                                    ),
                                ],
                            },
                            Measure {
                                kind: Normal,
                                chunks: [
                                    Pulse(
                                        Note(
                                            Note {
                                                base: T,
                                                variant: Base,
                                                octave: Base,
                                            },
                                        ),
                                    ),
                                    Separation(
                                        Normal,
                                    ),
                                    Pulse(
                                        Note(
                                            Note {
                                                base: D,
                                                variant: Base,
                                                octave: Up(
                                                    1,
                                                ),
                                            },
                                        ),
                                    ),
                                ],
                            },
                        ],
                    },
                ],
                lyrics: [],
            },
        ],
    },
)
