---
source: solfaml-parser/src/parser.rs
expression: solfa
---
Solfa {
    header: Header {
        title: Some(
            "foo",
        ),
        author: Some(
            "bar",
        ),
        time: Some(
            Time {
                top: 4,
                bottom: 4,
            },
        ),
        key: Some(
            C,
        ),
        description: Some(
            "Hello World!",
        ),
        tempo: None,
        vocals: None,
        extra: {},
    },
    staffs: [
        Staff {
            dynamics: [
                Level {
                    pos: 1,
                    kind: P,
                },
                Crescendo {
                    start: 4,
                    end: 7,
                },
                Accent {
                    pos: 8,
                },
                DC {
                    pos: 9,
                },
            ],
            lines: [
                StaffLine {
                    measures: [
                        Measure {
                            kind: Normal,
                            chunks: [
                                Pulse(
                                    Note(
                                        Note {
                                            base: D,
                                            variant: Base,
                                            octave: Base,
                                        },
                                    ),
                                ),
                                Separation(
                                    Normal,
                                ),
                                Pulse(
                                    Note(
                                        Note {
                                            base: R,
                                            variant: Base,
                                            octave: Base,
                                        },
                                    ),
                                ),
                                Separation(
                                    Normal,
                                ),
                                Pulse(
                                    Note(
                                        Note {
                                            base: M,
                                            variant: Base,
                                            octave: Base,
                                        },
                                    ),
                                ),
                            ],
                        },
                        Measure {
                            kind: Normal,
                            chunks: [
                                Pulse(
                                    Note(
                                        Note {
                                            base: F,
                                            variant: Base,
                                            octave: Base,
                                        },
                                    ),
                                ),
                                Division(
                                    Half,
                                ),
                                Pulse(
                                    Note(
                                        Note {
                                            base: S,
                                            variant: Base,
                                            octave: Base,
                                        },
                                    ),
                                ),
                                Division(
                                    Quarter,
                                ),
                                Pulse(
                                    Note(
                                        Note {
                                            base: L,
                                            variant: Base,
                                            octave: Base,
                                        },
                                    ),
                                ),
                                Separation(
                                    Normal,
                                ),
                                Pulse(
                                    Note(
                                        Note {
                                            base: T,
                                            variant: Base,
                                            octave: Base,
                                        },
                                    ),
                                ),
                            ],
                        },
                        Measure {
                            kind: Normal,
                            chunks: [
                                Underline,
                                Pulse(
                                    Note(
                                        Note {
                                            base: D,
                                            variant: Base,
                                            octave: Up(
                                                1,
                                            ),
                                        },
                                    ),
                                ),
                                Underline,
                                Separation(
                                    Normal,
                                ),
                                Pulse(
                                    Note(
                                        Note {
                                            base: R,
                                            variant: Raised,
                                            octave: Up(
                                                2,
                                            ),
                                        },
                                    ),
                                ),
                            ],
                        },
                    ],
                },
                StaffLine {
                    measures: [
                        Measure {
                            kind: Normal,
                            chunks: [
                                Pulse(
                                    Note(
                                        Note {
                                            base: D,
                                            variant: Base,
                                            octave: Base,
                                        },
                                    ),
                                ),
                                Separation(
                                    Normal,
                                ),
                                Pulse(
                                    Note(
                                        Note {
                                            base: R,
                                            variant: Base,
                                            octave: Base,
                                        },
                                    ),
                                ),
                                Separation(
                                    Normal,
                                ),
                                Pulse(
                                    Note(
                                        Note {
                                            base: M,
                                            variant: Base,
                                            octave: Base,
                                        },
                                    ),
                                ),
                            ],
                        },
                        Measure {
                            kind: Normal,
                            chunks: [
                                Pulse(
                                    Note(
                                        Note {
                                            base: F,
                                            variant: Base,
                                            octave: Base,
                                        },
                                    ),
                                ),
                                Division(
                                    Half,
                                ),
                                Pulse(
                                    Note(
                                        Note {
                                            base: S,
                                            variant: Base,
                                            octave: Base,
                                        },
                                    ),
                                ),
                                Division(
                                    Quarter,
                                ),
                                Pulse(
                                    Note(
                                        Note {
                                            base: L,
                                            variant: Base,
                                            octave: Base,
                                        },
                                    ),
                                ),
                                Separation(
                                    Normal,
                                ),
                                Pulse(
                                    Note(
                                        Note {
                                            base: T,
                                            variant: Base,
                                            octave: Base,
                                        },
                                    ),
                                ),
                            ],
                        },
                        Measure {
                            kind: Normal,
                            chunks: [
                                Underline,
                                Pulse(
                                    Note(
                                        Note {
                                            base: D,
                                            variant: Base,
                                            octave: Up(
                                                1,
                                            ),
                                        },
                                    ),
                                ),
                                Underline,
                                Separation(
                                    Normal,
                                ),
                                Pulse(
                                    Note(
                                        Note {
                                            base: R,
                                            variant: Raised,
                                            octave: Up(
                                                2,
                                            ),
                                        },
                                    ),
                                ),
                            ],
                        },
                    ],
                },
                StaffLine {
                    measures: [
                        Measure {
                            kind: Normal,
                            chunks: [
                                Pulse(
                                    Note(
                                        Note {
                                            base: D,
                                            variant: Base,
                                            octave: Base,
                                        },
                                    ),
                                ),
                                Separation(
                                    Normal,
                                ),
                                Pulse(
                                    Note(
                                        Note {
                                            base: R,
                                            variant: Base,
                                            octave: Base,
                                        },
                                    ),
                                ),
                                Separation(
                                    Normal,
                                ),
                                Pulse(
                                    Note(
                                        Note {
                                            base: M,
                                            variant: Base,
                                            octave: Base,
                                        },
                                    ),
                                ),
                            ],
                        },
                        Measure {
                            kind: Normal,
                            chunks: [
                                Pulse(
                                    Note(
                                        Note {
                                            base: F,
                                            variant: Base,
                                            octave: Base,
                                        },
                                    ),
                                ),
                                Division(
                                    Half,
                                ),
                                Pulse(
                                    Note(
                                        Note {
                                            base: S,
                                            variant: Base,
                                            octave: Base,
                                        },
                                    ),
                                ),
                                Division(
                                    Quarter,
                                ),
                                Pulse(
                                    Note(
                                        Note {
                                            base: L,
                                            variant: Base,
                                            octave: Base,
                                        },
                                    ),
                                ),
                                Separation(
                                    Normal,
                                ),
                                Pulse(
                                    Note(
                                        Note {
                                            base: T,
                                            variant: Base,
                                            octave: Base,
                                        },
                                    ),
                                ),
                            ],
                        },
                        Measure {
                            kind: Normal,
                            chunks: [
                                Underline,
                                Pulse(
                                    Note(
                                        Note {
                                            base: D,
                                            variant: Base,
                                            octave: Up(
                                                1,
                                            ),
                                        },
                                    ),
                                ),
                                Underline,
                                Separation(
                                    Normal,
                                ),
                                Pulse(
                                    Note(
                                        Note {
                                            base: R,
                                            variant: Lowered,
                                            octave: Down(
                                                1,
                                            ),
                                        },
                                    ),
                                ),
                            ],
                        },
                    ],
                },
                StaffLine {
                    measures: [
                        Measure {
                            kind: Normal,
                            chunks: [
                                Pulse(
                                    Note(
                                        Note {
                                            base: D,
                                            variant: Base,
                                            octave: Base,
                                        },
                                    ),
                                ),
                                Separation(
                                    Normal,
                                ),
                                Pulse(
                                    Note(
                                        Note {
                                            base: R,
                                            variant: Base,
                                            octave: Base,
                                        },
                                    ),
                                ),
                                Separation(
                                    Normal,
                                ),
                                Pulse(
                                    Note(
                                        Note {
                                            base: M,
                                            variant: Base,
                                            octave: Base,
                                        },
                                    ),
                                ),
                            ],
                        },
                        Measure {
                            kind: Normal,
                            chunks: [
                                Pulse(
                                    Note(
                                        Note {
                                            base: F,
                                            variant: Base,
                                            octave: Base,
                                        },
                                    ),
                                ),
                                Division(
                                    Half,
                                ),
                                Pulse(
                                    Note(
                                        Note {
                                            base: S,
                                            variant: Base,
                                            octave: Base,
                                        },
                                    ),
                                ),
                                Division(
                                    Quarter,
                                ),
                                Pulse(
                                    Note(
                                        Note {
                                            base: L,
                                            variant: Base,
                                            octave: Base,
                                        },
                                    ),
                                ),
                                Separation(
                                    Normal,
                                ),
                                Pulse(
                                    Note(
                                        Note {
                                            base: T,
                                            variant: Base,
                                            octave: Base,
                                        },
                                    ),
                                ),
                            ],
                        },
                        Measure {
                            kind: Normal,
                            chunks: [
                                Pulse(
                                    Note(
                                        Note {
                                            base: D,
                                            variant: Base,
                                            octave: Down(
                                                1,
                                            ),
                                        },
                                    ),
                                ),
                                Separation(
                                    Normal,
                                ),
                                Pulse(
                                    Note(
                                        Note {
                                            base: R,
                                            variant: Lowered,
                                            octave: Down(
                                                1,
                                            ),
                                        },
                                    ),
                                ),
                            ],
                        },
                    ],
                },
            ],
            lyrics: [
                IndexedLyricsSet {
                    index: 3,
                    lyrics: [
                        LyricsTree {
                            prefix: Some(
                                "1.",
                            ),
                            root: Space(
                                String(
                                    "do",
                                ),
                                Concat(
                                    String(
                                        "re",
                                    ),
                                    Space(
                                        String(
                                            "mi",
                                        ),
                                        Space(
                                            String(
                                                "fasola",
                                            ),
                                            Space(
                                                Split(
                                                    String(
                                                        "ti",
                                                    ),
                                                    String(
                                                        "e",
                                                    ),
                                                ),
                                                Space(
                                                    String(
                                                        "do",
                                                    ),
                                                    String(
                                                        "re",
                                                    ),
                                                ),
                                            ),
                                        ),
                                    ),
                                ),
                            ),
                        },
                        LyricsTree {
                            prefix: Some(
                                "2.",
                            ),
                            root: Space(
                                String(
                                    "do",
                                ),
                                Concat(
                                    String(
                                        "re",
                                    ),
                                    Space(
                                        String(
                                            "mi",
                                        ),
                                        Space(
                                            String(
                                                "fasola",
                                            ),
                                            Space(
                                                Split(
                                                    String(
                                                        "ti",
                                                    ),
                                                    String(
                                                        "e",
                                                    ),
                                                ),
                                                Space(
                                                    String(
                                                        "do",
                                                    ),
                                                    Placeholder,
                                                ),
                                            ),
                                        ),
                                    ),
                                ),
                            ),
                        },
                    ],
                },
            ],
        },
    ],
}
